// Jest Snapshot v1, https://goo.gl/fbAQLP

exports[`ConfigEditor component should mark textarea as invalid and not update form when credentials are in wrong format 1`] = `
{
  "asFragment": [Function],
  "baseElement": <body>
    <div>
      <div
        class="gf-form-group"
      >
        <div
          class="credentials__container"
        >
          <div
            class="css-1rplq84"
          >
            <div
              class="css-l4ykjo-Label"
            >
              <label>
                <div
                  class="css-70qvj9"
                >
                  Information
                </div>
                <span
                  class="css-1qya104-Label-description"
                >
                  Paste credentials here to auto fill form below
                </span>
              </label>
            </div>
            <div>
              <div>
                <textarea
                  class="css-i28uzi credentials__textarea"
                  name="credentialsTextArea"
                />
              </div>
            </div>
          </div>
        </div>
        <hr />
        <div
          class="css-1uqla6q"
        >
          <label
            class="css-1hzpsg9"
          >
            Akamai Client Secret
          </label>
          <div
            class="css-1tu59u4"
          >
            <div
              class="css-1xvl4yl-input-wrapper"
              data-testid="input-wrapper"
            >
              <div
                class="css-10lnb82-input-inputWrapper"
              >
                <input
                  class="css-8tk2dk-input-input"
                  placeholder="Enter client secret"
                  value=""
                />
              </div>
            </div>
          </div>
        </div>
        <div
          class="css-1uqla6q"
        >
          <label
            class="css-1hzpsg9"
          >
            Host
          </label>
          <div
            class="css-1tu59u4"
          >
            <div
              class="css-1xvl4yl-input-wrapper"
              data-testid="input-wrapper"
            >
              <div
                class="css-10lnb82-input-inputWrapper"
              >
                <input
                  class="css-8tk2dk-input-input"
                  placeholder="Enter host"
                  value=""
                />
              </div>
            </div>
          </div>
        </div>
        <div
          class="css-1uqla6q"
        >
          <label
            class="css-1hzpsg9"
          >
            Access Token
          </label>
          <div
            class="css-1tu59u4"
          >
            <div
              class="css-1xvl4yl-input-wrapper"
              data-testid="input-wrapper"
            >
              <div
                class="css-10lnb82-input-inputWrapper"
              >
                <input
                  class="css-8tk2dk-input-input"
                  placeholder="Enter access token"
                  value=""
                />
              </div>
            </div>
          </div>
        </div>
        <div
          class="css-1uqla6q"
        >
          <label
            class="css-1hzpsg9"
          >
            Client Token
          </label>
          <div
            class="css-1tu59u4"
          >
            <div
              class="css-1xvl4yl-input-wrapper"
              data-testid="input-wrapper"
            >
              <div
                class="css-10lnb82-input-inputWrapper"
              >
                <input
                  class="css-8tk2dk-input-input"
                  placeholder="Enter client token"
                  value=""
                />
              </div>
            </div>
          </div>
        </div>
      </div>
    </div>
  </body>,
  "container": <div>
    <div
      class="gf-form-group"
    >
      <div
        class="credentials__container"
      >
        <div
          class="css-1rplq84"
        >
          <div
            class="css-l4ykjo-Label"
          >
            <label>
              <div
                class="css-70qvj9"
              >
                Information
              </div>
              <span
                class="css-1qya104-Label-description"
              >
                Paste credentials here to auto fill form below
              </span>
            </label>
          </div>
          <div>
            <div>
              <textarea
                class="css-i28uzi credentials__textarea"
                name="credentialsTextArea"
              />
            </div>
          </div>
        </div>
      </div>
      <hr />
      <div
        class="css-1uqla6q"
      >
        <label
          class="css-1hzpsg9"
        >
          Akamai Client Secret
        </label>
        <div
          class="css-1tu59u4"
        >
          <div
            class="css-1xvl4yl-input-wrapper"
            data-testid="input-wrapper"
          >
            <div
              class="css-10lnb82-input-inputWrapper"
            >
              <input
                class="css-8tk2dk-input-input"
                placeholder="Enter client secret"
                value=""
              />
            </div>
          </div>
        </div>
      </div>
      <div
        class="css-1uqla6q"
      >
        <label
          class="css-1hzpsg9"
        >
          Host
        </label>
        <div
          class="css-1tu59u4"
        >
          <div
            class="css-1xvl4yl-input-wrapper"
            data-testid="input-wrapper"
          >
            <div
              class="css-10lnb82-input-inputWrapper"
            >
              <input
                class="css-8tk2dk-input-input"
                placeholder="Enter host"
                value=""
              />
            </div>
          </div>
        </div>
      </div>
      <div
        class="css-1uqla6q"
      >
        <label
          class="css-1hzpsg9"
        >
          Access Token
        </label>
        <div
          class="css-1tu59u4"
        >
          <div
            class="css-1xvl4yl-input-wrapper"
            data-testid="input-wrapper"
          >
            <div
              class="css-10lnb82-input-inputWrapper"
            >
              <input
                class="css-8tk2dk-input-input"
                placeholder="Enter access token"
                value=""
              />
            </div>
          </div>
        </div>
      </div>
      <div
        class="css-1uqla6q"
      >
        <label
          class="css-1hzpsg9"
        >
          Client Token
        </label>
        <div
          class="css-1tu59u4"
        >
          <div
            class="css-1xvl4yl-input-wrapper"
            data-testid="input-wrapper"
          >
            <div
              class="css-10lnb82-input-inputWrapper"
            >
              <input
                class="css-8tk2dk-input-input"
                placeholder="Enter client token"
                value=""
              />
            </div>
          </div>
        </div>
      </div>
    </div>
  </div>,
  "debug": [Function],
  "findAllByAltText": [Function],
  "findAllByDisplayValue": [Function],
  "findAllByLabelText": [Function],
  "findAllByPlaceholderText": [Function],
  "findAllByRole": [Function],
  "findAllByTestId": [Function],
  "findAllByText": [Function],
  "findAllByTitle": [Function],
  "findByAltText": [Function],
  "findByDisplayValue": [Function],
  "findByLabelText": [Function],
  "findByPlaceholderText": [Function],
  "findByRole": [Function],
  "findByTestId": [Function],
  "findByText": [Function],
  "findByTitle": [Function],
  "getAllByAltText": [Function],
  "getAllByDisplayValue": [Function],
  "getAllByLabelText": [Function],
  "getAllByPlaceholderText": [Function],
  "getAllByRole": [Function],
  "getAllByTestId": [Function],
  "getAllByText": [Function],
  "getAllByTitle": [Function],
  "getByAltText": [Function],
  "getByDisplayValue": [Function],
  "getByLabelText": [Function],
  "getByPlaceholderText": [Function],
  "getByRole": [Function],
  "getByTestId": [Function],
  "getByText": [Function],
  "getByTitle": [Function],
  "queryAllByAltText": [Function],
  "queryAllByDisplayValue": [Function],
  "queryAllByLabelText": [Function],
  "queryAllByPlaceholderText": [Function],
  "queryAllByRole": [Function],
  "queryAllByTestId": [Function],
  "queryAllByText": [Function],
  "queryAllByTitle": [Function],
  "queryByAltText": [Function],
  "queryByDisplayValue": [Function],
  "queryByLabelText": [Function],
  "queryByPlaceholderText": [Function],
  "queryByRole": [Function],
  "queryByTestId": [Function],
  "queryByText": [Function],
  "queryByTitle": [Function],
  "rerender": [Function],
  "unmount": [Function],
}
`;
