// Jest Snapshot v1, https://goo.gl/fbAQLP

exports[`ListField component should render list with custom row Editor 1`] = `
[
  <div
    className="css-15ix71y-InlineFieldRow"
  >
    <div
      className="css-1uqla6q"
    >
      <label
        className="css-vilgwi"
      >
        List label
        <svg
          data-testid="info-circle"
          viewBox="0 0 24 24"
          xmlns="http://www.w3.org/2000/svg"
        />
      </label>
      <div
        className="css-1tu59u4"
      >
        <div
          className="css-1uedr6a"
        >
          <button
            aria-label="Remove all"
            className="css-a2noi1"
            onBlur={[Function]}
            onClick={[Function]}
            onFocus={[Function]}
            onKeyDown={[Function]}
            onMouseLeave={[Function]}
            onMouseMove={[Function]}
            onPointerDown={[Function]}
            onPointerEnter={[Function]}
            tabIndex={0}
            type="button"
          >
            <svg
              data-testid="trash-alt"
              viewBox="0 0 24 24"
              xmlns="http://www.w3.org/2000/svg"
            />
          </button>
          <button
            aria-label="Add new resource"
            className="css-a2noi1"
            onBlur={[Function]}
            onClick={[Function]}
            onFocus={[Function]}
            onKeyDown={[Function]}
            onMouseLeave={[Function]}
            onMouseMove={[Function]}
            onPointerDown={[Function]}
            onPointerEnter={[Function]}
            tabIndex={0}
            type="button"
          >
            <svg
              data-testid="plus-circle"
              viewBox="0 0 24 24"
              xmlns="http://www.w3.org/2000/svg"
            />
          </button>
        </div>
      </div>
    </div>
  </div>,
  <div
    className="css-15ix71y-InlineFieldRow"
  >
    <div
      className="css-1cvb0sk-input-wrapper"
      data-testid="input-wrapper"
    >
      <div
        className="css-10lnb82-input-inputWrapper"
      >
        <input
          className="css-8tk2dk-input-input"
          style={
            {
              "paddingLeft": undefined,
              "paddingRight": undefined,
            }
          }
          value="value 1"
        />
      </div>
    </div>
    <div
      className="css-1uqla6q"
    >
      <div
        className="css-1tu59u4"
      >
        <div
          className="css-1uedr6a"
        >
          <button
            aria-label="Remove resource"
            className="css-a2noi1"
            onBlur={[Function]}
            onClick={[Function]}
            onFocus={[Function]}
            onKeyDown={[Function]}
            onMouseLeave={[Function]}
            onMouseMove={[Function]}
            onPointerDown={[Function]}
            onPointerEnter={[Function]}
            tabIndex={0}
            type="button"
          >
            <svg
              data-testid="minus-circle"
              viewBox="0 0 24 24"
              xmlns="http://www.w3.org/2000/svg"
            />
          </button>
        </div>
      </div>
    </div>
  </div>,
  <div
    className="css-15ix71y-InlineFieldRow"
  >
    <div
      className="css-1cvb0sk-input-wrapper"
      data-testid="input-wrapper"
    >
      <div
        className="css-10lnb82-input-inputWrapper"
      >
        <input
          className="css-8tk2dk-input-input"
          style={
            {
              "paddingLeft": undefined,
              "paddingRight": undefined,
            }
          }
          value="value 2"
        />
      </div>
    </div>
    <div
      className="css-1uqla6q"
    >
      <div
        className="css-1tu59u4"
      >
        <div
          className="css-1uedr6a"
        >
          <button
            aria-label="Remove resource"
            className="css-a2noi1"
            onBlur={[Function]}
            onClick={[Function]}
            onFocus={[Function]}
            onKeyDown={[Function]}
            onMouseLeave={[Function]}
            onMouseMove={[Function]}
            onPointerDown={[Function]}
            onPointerEnter={[Function]}
            tabIndex={0}
            type="button"
          >
            <svg
              data-testid="minus-circle"
              viewBox="0 0 24 24"
              xmlns="http://www.w3.org/2000/svg"
            />
          </button>
        </div>
      </div>
    </div>
  </div>,
]
`;
