// Jest Snapshot v1, https://goo.gl/fbAQLP

exports[`given QueryEditor should render editor with initial value 1`] = `
[
  <svg
    data-testid="spinner"
    viewBox="0 0 24 24"
    xmlns="http://www.w3.org/2000/svg"
  />,
  " Fetching...",
  <hr />,
  <svg
    data-testid="spinner"
    viewBox="0 0 24 24"
    xmlns="http://www.w3.org/2000/svg"
  />,
  " Fetching...",
]
`;

exports[`given QueryEditor should render new empty editor 1`] = `
[
  <div>
    <div
      className="css-1nob2mz"
      onClick={[Function]}
    >
      <div
        className="css-1cvb0sk-input-wrapper"
        data-testid="input-wrapper"
      >
        <div
          className="css-10lnb82-input-inputWrapper"
        >
          <input
            className="css-8tk2dk-input-input"
            onBlur={[Function]}
            onChange={[Function]}
            onKeyDown={[Function]}
            placeholder="Select report data source"
            style={
              {
                "paddingLeft": undefined,
                "paddingRight": 12,
              }
            }
            value=""
          />
          <div
            className="css-7099m8-input-suffix"
          >
            <div
              className="css-1e57u0i"
            >
              <svg
                data-testid="angle-down"
                viewBox="0 0 24 24"
                xmlns="http://www.w3.org/2000/svg"
              />
            </div>
          </div>
        </div>
      </div>
    </div>
  </div>,
  <hr />,
]
`;
